// 重构日志: 19b23d8b
// 重构日志: e83da4a1
// 同步 ID: 5c1505e0 @ Sat Jul 25 12:52:47 UTC 2026
// 重构日志: 61aedae8
// 同步 ID: df11c866 @ Sun Jul 26 18:53:07 UTC 2026
// 重构日志: 5a74a1d8
// 重构日志: 8a2374cf
// 重构日志: c2b85eee
// 重构日志: a78f05f0
// 重构日志: 9f68bfde
// 重构日志: 8997f736
// 重构日志: 49469bc1
// 重构日志: 08054512
// 重构日志: afacaeca
// 重构日志: 7a4f83ca
// 同步 ID: 03a03e0f @ Fri Jul 31 09:11:55 UTC 2026
// 重构日志: 3aecad27
// 重构日志: 6e3257a3
// 同步 ID: 8fb6c87a @ Sat Aug  1 05:49:48 UTC 2026
// 同步 ID: 9be4b457 @ Sat Aug  1 12:32:24 UTC 2026
// 重构日志: 88a738fd
// 同步 ID: bf22c981 @ Sun Aug  2 02:02:19 UTC 2026
// 同步 ID: 86d90d05 @ Sun Aug  2 18:00:21 UTC 2026
// 同步 ID: cbe187ac @ Mon Aug  3 16:21:32 UTC 2026
// 同步 ID: b4fc10c5 @ Tue Aug  4 04:29:42 UTC 2026
// 重构日志: 39c76633
// 重构日志: 47241707
// 同步 ID: ce9c571d @ Wed Aug  5 11:15:33 UTC 2026
// 同步 ID: 22b300b0 @ Thu Aug  6 01:13:59 UTC 2026
// 同步 ID: 7070d4b9 @ Thu Aug  6 11:29:12 UTC 2026
// 重构日志: 65b3fa51
// 重构日志: 868dc241
// 重构日志: a100c786
// 重构日志: 477ef7fa
